
> live-tiktok-fe@0.1.0 build
> next build

Γû▓ Next.js 16.1.7 (Turbopack)
- Environments: .env

  Creating an optimized production build ...
node.exe : 
At line:1 char:1
+ & "D:\Download 
Folder/node.exe" 
"D:\Download Folder/nod
e_modules/npm/ ...
+ ~~~~~~~~~~~~~~~~~~~~~
~~~~~~~~~~~~~~~~~~~~~~~
~~~~~~~~~~~~~~~~~~~~~~~
~~
    + CategoryInfo     
         : NotSpecifi  
  ed: (:String) [],    
 RemoteException
    + FullyQualifiedEr 
   rorId : NativeComm  
  andError
 
> Build error occurred
Error: Turbopack build 
failed with 1 errors:
./src/app/login
You cannot have two 
parallel pages that 
resolve to the same 
path. Please check 
/(auth)/login and 
/login.

    at ignore-listed 
frames
